[antimnivas.com/index.html]
[backblue.gif]
[fade.gif]
[index.html]
[antimnivas.com/img/rest.jpg]
[antimnivas.com/frontend/images/favicon.ico]
[antimnivas.com/frontend/images/logo.png]
[antimnivas.com/pages/checkout]
[antimnivas.com/profiles/viewprofile.html]
[antimnivas.com/frontend/images/google-login.png]
[antimnivas.com/confirmation-link.html]
[antimnivas.com/frontend/images/login-icon.png]
[antimnivas.com/post-obituary.html]
[antimnivas.com/features.html]
[antimnivas.com/explore-obituaries.html]
[antimnivas.com/pricing.html]
[antimnivas.com/blog.html]
[antimnivas.com/contact-us.html]
[antimnivas.com/frontend/images/new-frame-gold.png]
[antimnivas.com/obituary/A.-P.-J.html]
[antimnivas.com/img/self/2.jpg]
[antimnivas.com/frontend/images/flower.png]
[antimnivas.com/frontend/images/d2.gif]
[antimnivas.com/obituary/Indira-Gandhi-7.html]
[antimnivas.com/img/self/7.jpg]
[antimnivas.com/obituary/Irrfan-Khan-201.html]
[antimnivas.com/img/self/397px-Irrfan_Khan_May_2015[1]1588178189.jpg]
[antimnivas.com/obituary/Rishi-Kapoor---202.html]
[antimnivas.com/img/self/156806_v9_ba1588221331.jpg]
[antimnivas.com/obituary/Vashishtha-Narayan-Singh-83.html]
[antimnivas.com/img/self/11575548558.jpg]
[antimnivas.com/frontend/images/new-frame-dark.png]
[antimnivas.com/obituary/Sukhpal-Arya-301.html]
[antimnivas.com/img/self/photo-1531350046379-82ffc6d536191590556969.webp]
[antimnivas.com/obituary/Shambhu--Maharaj-162.html]
[antimnivas.com/img/self/images (1)1576385628.jpg]
[antimnivas.com/obituary/Satyen--Kappu-137.html]
[antimnivas.com/img/self/unnamed (15)1575887912.jpg]
[antimnivas.com/obituary/Jaspal---Bhatti-113.html]
[antimnivas.com/img/self/images (8)1575720727.jpg]
[antimnivas.com/obituary/Yash--Chopra-127.html]
[antimnivas.com/img/self/unnamed (5)1575801442.jpg]
[antimnivas.com/obituary/Kishore-Kumar-12.html]
[antimnivas.com/img/self/12.jpg]
[antimnivas.com/obituary/Nitin--Bali-108.html]
[antimnivas.com/img/self/images (7)1575712921.jpg]
[antimnivas.com/obituary/Jayaprakash-Narayan-11.html]
[antimnivas.com/img/self/11.jpg]
[antimnivas.com/obituary/Vinod-Mehra---133.html]
[antimnivas.com/img/self/unnamed (11)1575809811.jpg]
[antimnivas.com/obituary/Kalpana---Lajmi-110.html]
[antimnivas.com/obituary/Viju--Khote-85.html]
[antimnivas.com/img/self/31575549055.jpg]
[antimnivas.com/obituary/Tom--Alter-89.html]
[antimnivas.com/img/self/71575549423.jpg]
[antimnivas.com/obituary/Venu--Madhav-95.html]
[antimnivas.com/img/self/Capture1575694878.png]
[antimnivas.com/obituary/Uday-p--Shankar-151.html]
[antimnivas.com/img/self/unnamed1576329426.jpg]
[antimnivas.com/obituary/Mother-Teresa-3.html]
[antimnivas.com/img/self/3.jpg]
[antimnivas.com/obituary/Avtar-Kishan-Hangal-134.html]
[antimnivas.com/img/self/unnamed (12)1575869837.jpg]
[antimnivas.com/obituary/U.-R.html]
[antimnivas.com/img/self/images1576409280.jpg]
[antimnivas.com/obituary/Sujata--Kumar-98.html]
[antimnivas.com/img/self/images (1)1575700958.jpg]
[antimnivas.com/obituary/Sitaram---Panchal-122.html]
[antimnivas.com/img/self/unnamed (4)1575732364.jpg]
[antimnivas.com/obituary/Mohammed--Rafi-143.html]
[antimnivas.com/img/self/unnamed (19)1575970913.jpg]
[antimnivas.com/obituary/Vempati-Chinna-Satyam-163.html]
[antimnivas.com/img/self/images (2)1576385809.jpg]
[antimnivas.com/obituary/Inder--Kumar-112.html]
[antimnivas.com/img/self/016d82d4-8b0d-4d65-9448-b5d7d1b5e7db1575720589.jpg]
[antimnivas.com/obituary/Amjad---Khan-117.html]
[antimnivas.com/img/self/unnamed (1)1575723456.jpg]
[antimnivas.com/obituary/Phoolan-Devi--183.html]
[antimnivas.com/img/self/Phoolan-Devi11576756071.jpg]
[antimnivas.com/obituary/Shivajirao-Patil---170.html]
[antimnivas.com/img/self/image1576392699.jpg]
[antimnivas.com/obituary/Jatin---Kanakia-115.html]
[antimnivas.com/img/self/unnamed1575721384.jpg]
[antimnivas.com/obituary/Rajesh--Khanna-126.html]
[antimnivas.com/img/self/216126_v9_ba1575771125.jpg]
[antimnivas.com/obituary/Rita--Bhaduri---88.html]
[antimnivas.com/img/self/61575549360.jpg]
[antimnivas.com/obituary/Kavi---Kumar-Azad-120.html]
[antimnivas.com/img/self/images (10)1575726351.jpg]
[antimnivas.com/obituary/Shrivallabh---Vyas-100.html]
[antimnivas.com/img/self/images (3)1575704300.jpg]
[antimnivas.com/obituary/Girish--Karnad-86.html]
[antimnivas.com/img/self/41575549153.jpg]
[antimnivas.com/obituary/Jiah--Khan-166.html]
[antimnivas.com/img/self/unnamed1576391848.jpg]
[antimnivas.com/obituary/Raj---Kapoor-109.html]
[antimnivas.com/obituary/Razak--Khan-128.html]
[antimnivas.com/img/self/unnamed (6)1575801602.jpg]
[antimnivas.com/obituary/Jawaharlal-Nehru-5.html]
[antimnivas.com/img/self/5.jpg]
[antimnivas.com/obituary/Sunil-Dutt-15.html]
[antimnivas.com/img/self/15.jpg]
[antimnivas.com/obituary/Rajiv-Gandhi-9.html]
[antimnivas.com/img/self/9.jpg]
[antimnivas.com/obituary/Reema--Lagoo-90.html]
[antimnivas.com/img/self/81575549474.jpg]
[antimnivas.com/obituary/Mac--Mohan-135.html]
[antimnivas.com/img/self/unnamed (13)1575870031.jpg]
[antimnivas.com/obituary/Arjun---Hingorani-102.html]
[antimnivas.com/img/self/images (4)1575704944.jpg]
[antimnivas.com/obituary/Vinod-Khanna-13.html]
[antimnivas.com/img/self/13.jpg]
[antimnivas.com/obituary/Morarji-Desai-8.html]
[antimnivas.com/img/self/8.jpg]
[antimnivas.com/obituary/Kelucharan--Mohapatra-161.html]
[antimnivas.com/img/self/images1576385351.jpg]
[antimnivas.com/obituary/Divya--Bharti-165.html]
[antimnivas.com/img/self/images (5)1576386363.jpg]
[antimnivas.com/obituary/Navin--Nischol-129.html]
[antimnivas.com/img/self/images (12)1575808782.jpg]
[antimnivas.com/obituary/Narendra----Jha-99.html]
[antimnivas.com/img/self/images (2)1575701411.jpg]
[antimnivas.com/obituary/Shafi---Inamdar-116.html]
[antimnivas.com/img/self/images (9)1575722903.jpg]
[antimnivas.com/obituary/Shammi-101.html]
[antimnivas.com/img/self/1652458-shammmmm-15203274891575704542.png]
[antimnivas.com/obituary/Keshto--Mukherjee-136.html]
[antimnivas.com/img/self/unnamed (14)1575870193.jpg]
[antimnivas.com/obituary/Rajendra-Prasad-10.html]
[antimnivas.com/img/self/10.jpg]
[antimnivas.com/obituary/Sridevi-----84.html]
[antimnivas.com/img/self/21575548934.jpg]
[antimnivas.com/obituary/Rukmini-Devi-Arundale-157.html]
[antimnivas.com/img/self/IMAGE 51576345315.jpg]
[antimnivas.com/obituary/Nirmal---Pandey-114.html]
[antimnivas.com/img/self/945861575720941.jpg]
[antimnivas.com/obituary/Dilip---Dhawan-118.html]
[antimnivas.com/obituary/Balasaraswati---156.html]
[antimnivas.com/img/self/images (3)1576344910.jpg]
[antimnivas.com/obituary/Indrani--Rahman-149.html]
[antimnivas.com/img/self/images1576327709.jpg]
[antimnivas.com/obituary/Mrinalini--Sarabhai-155.html]
[antimnivas.com/img/self/unnamed (1)1576344332.jpg]
[antimnivas.com/obituary/Parveen--Babi-91.html]
[antimnivas.com/img/self/91575549568.jpg]
[antimnivas.com/obituary/Leela--Mishra---141.html]
[antimnivas.com/img/self/unnamed (18)1575951884.jpg]
[antimnivas.com/obituary/Ava---Mukherjee-103.html]
[antimnivas.com/img/self/images (5)1575705244.jpg]
[antimnivas.com/obituary/Rajesh--Vivek-130.html]
[antimnivas.com/img/self/unnamed (8)1575808971.jpg]
[antimnivas.com/obituary/Amrish--Puri----97.html]
[antimnivas.com/img/self/images1575699369.jpg]
[antimnivas.com/obituary/Lal-Bahadur-Shastri-4.html]
[antimnivas.com/img/self/4.jpg]
[antimnivas.com/obituary/Vivek-Shauq---119.html]
[antimnivas.com/img/self/unnamed (2)1575725239.jpg]
[antimnivas.com/obituary/Om---Puri-121.html]
[antimnivas.com/img/self/unnamed (3)1575732114.jpg]
[antimnivas.com/obituary/Gaurav-Chandel-185.html]
[antimnivas.com/img/self/839205-gaurav-chandel-cops[1]1578753726.jpg]
[antimnivas.com/obituary/Chitresh--Das-158.html]
[antimnivas.com/img/self/images1577073557.jpg]
[antimnivas.com/obituary/Kader--Khan-93.html]
[antimnivas.com/img/self/51575550610.jpg]
[antimnivas.com/obituary/Kushal-Punjabi-192.html]
[antimnivas.com/img/self/Capture1587814455.png]
[antimnivas.com/obituary/Kushal-Punjabi-184.html]
[antimnivas.com/img/self/Kushal_Punjabi_actor[1]1578750515.jpg]
[antimnivas.com/obituary/à¤¬à¤¸à¤‚à¤¤à¥€-à¤¦à¥‡à¤µà¥€---142.html]
[antimnivas.com/img/self/IMG_20191210_1506061575970588.jpg]
[antimnivas.com/obituary/Ram-Lagoo-305.html]
[antimnivas.com/img/self/Screenshot_2020_0603_2102231591331290.png]
[antimnivas.com/obituary/à¤¶à¥à¤°à¥€à¤°à¤¾à¤®-à¤²à¤¾à¤—à¥‚---182.html]
[antimnivas.com/img/self/images (1)1576654555.jpg]
[antimnivas.com/obituary/Shreeram-Lagoo-193.html]
[antimnivas.com/img/self/Capture1587814562.png]
[antimnivas.com/obituary/Laxmikant---Berde-111.html]
[antimnivas.com/img/self/220px-Pic_of_laxmikant_berde1575720409.jpg]
[antimnivas.com/obituary/Geetanjali---Khanna---104.html]
[antimnivas.com/img/self/images (6)1575706096.jpg]
[antimnivas.com/obituary/à¤°à¤¾à¤®à¥‡à¤¶à¥à¤µà¤°-à¤¦à¤¯à¤¾à¤²-à¤¶à¤°à¥à¤®à¤¾-175.html]
[antimnivas.com/img/self/IMG_20191216_2152051576513853.jpg]
[antimnivas.com/obituary/Tulsi---Ramsay-105.html]
[antimnivas.com/obituary/à¤¦à¤¿à¤¨à¥‡à¤¶--à¤šà¤¾à¤µà¤²à¤¾-168.html]
[antimnivas.com/img/self/IMG_20191217_1015051576557992.jpg]
[antimnivas.com/obituary/Smita--Patil-169.html]
[antimnivas.com/img/self/006bb5d124289bf95de46a15d081b09c1576392442.jpg]
[antimnivas.com/obituary/à¤ªà¥à¤°à¤•à¤¾à¤¶--à¤¦à¥‡à¤µà¥€---146.html]
[antimnivas.com/img/self/IMG_20191212_1021151576126287.jpg]
[antimnivas.com/obituary/à¤¬à¤¿à¤¦à¤¾à¤®à¥€--à¤¦à¥‡à¤µà¥€---147.html]
[antimnivas.com/img/self/IMG_20191213_1229001576220471.jpg]
[antimnivas.com/obituary/B.-R.html]
[antimnivas.com/img/self/6.jpg]
[antimnivas.com/obituary/Shashi---Kapoor-123.html]
[antimnivas.com/img/self/images (11)1575732569.jpg]
[antimnivas.com/obituary/Dev--Anand-92.html]
[antimnivas.com/img/self/101575549632.jpg]
[antimnivas.com/obituary/Deven--Verma-131.html]
[antimnivas.com/img/self/unnamed (9)1575809110.jpg]
[antimnivas.com/obituary/Mohammed---Aziz-106.html]
[antimnivas.com/img/self/Mohammed-Aziz-300x3001575706710.jpg]
[antimnivas.com/obituary/Ambareesh-107.html]
[antimnivas.com/obituary/Arun-Jaitley-304.html]
[antimnivas.com/img/self/IMG-20200602-WA00621591101579.jpg]
[antimnivas.com/obituary/Abc-Xyz-123---303.html]
[antimnivas.com/img/self/tks1591542895.png]
[antimnivas.com/obituary/Asdf-Sdf-334]
[antimnivas.com/img/self/Brand1601823536.png]
[antimnivas.com/obituary/Balwant-Rai-Pruthi-306.html]
[antimnivas.com/img/self/Screenshot_2020_0530_2115191591374937.png]
[antimnivas.com/obituary/Sushant-Singh-Rajput---312.html]
[antimnivas.com/img/self/sushant-singh-rajput1592130008.jpg]
[antimnivas.com/obituary/Dinyar---Contractor-96.html]
[antimnivas.com/img/self/11-07-58-l_62851575697482.jpg]
[antimnivas.com/obituary/Krishan-Kumar-Shrivasrtava-335.html]
[antimnivas.com/img/self/3471f23c-9b93-484e-88f5-7f2618ca02ab1601825045.jpg]
[antimnivas.com/obituary/Ritik-Rithalia---333.html]
[antimnivas.com/img/self/Screenshot 2020-10-04 2026061601823427.png]
[ajax.googleapis.com/ajax/libs/jquery/2.2.4/jquery.min.js]
[antimnivas.com/frontend/js/bootstrap.min.js]
[antimnivas.com/frontend/js/FarsiType.js]
[antimnivas.com/frontend/js/owl.carousel.min.js]
[antimnivas.com/frontend/js/mCustomScrollbar.js]
[antimnivas.com/frontend/js/custom.js]
[antimnivas.com/index.html]
[antimnivas.com/frontend/fonts/fa-brands-400.eot]
[antimnivas.com/frontend/fonts/fa-brands-400d41d.eot]
[antimnivas.com/frontend/fonts/fa-brands-400.woff2]
[antimnivas.com/frontend/fonts/fa-brands-400.woff]
[antimnivas.com/frontend/fonts/fa-brands-400.ttf]
[antimnivas.com/frontend/fonts/fa-regular-400.eot]
[antimnivas.com/frontend/fonts/fa-regular-400d41d.eot]
[antimnivas.com/frontend/fonts/fa-regular-400.woff2]
[antimnivas.com/frontend/fonts/fa-regular-400.woff]
[antimnivas.com/frontend/fonts/fa-regular-400.ttf]
[antimnivas.com/frontend/fonts/fa-solid-900.eot]
[antimnivas.com/frontend/fonts/fa-solid-900d41d.eot]
[antimnivas.com/frontend/fonts/fa-solid-900.woff2]
[antimnivas.com/frontend/fonts/fa-solid-900.woff]
[antimnivas.com/frontend/fonts/fa-solid-900.ttf]
[antimnivas.com/frontend/css/fontawesome.css]
[antimnivas.com/frontend/fonts/glyphicons-halflings-regular.eot]
[antimnivas.com/frontend/fonts/glyphicons-halflings-regulard41d.eot]
[antimnivas.com/frontend/fonts/glyphicons-halflings-regular.woff2]
[antimnivas.com/frontend/fonts/glyphicons-halflings-regular.woff]
[antimnivas.com/frontend/fonts/glyphicons-halflings-regular.ttf]
[antimnivas.com/frontend/fonts/glyphicons-halflings-regular.svg]
[antimnivas.com/frontend/css/bootstrap.min.css]
[antimnivas.com/frontend/css/package-payment.css]
[antimnivas.com/frontend/images/banner-bg.jpg]
[antimnivas.com/frontend/images/icon-1.png]
[antimnivas.com/frontend/images/icon-2.png]
[antimnivas.com/frontend/images/icon-3.png]
[antimnivas.com/frontend/images/icon-4.png]
[antimnivas.com/frontend/images/border-image-1.png]
[antimnivas.com/frontend/images/border-image-2.png]
[antimnivas.com/frontend/images/border-image-3.png]
[antimnivas.com/frontend/images/border-image-4.png]
[antimnivas.com/frontend/images/inner-frame-1.png]
[antimnivas.com/frontend/images/inner-frame-2.png]
[antimnivas.com/frontend/images/inner-frame-3.png]
[antimnivas.com/frontend/images/inner-frame-4.png]
[antimnivas.com/frontend/images/bullet.png]
[antimnivas.com/frontend/css/style.css]
[antimnivas.com/frontend/css/responsive.css]
[antimnivas.com/frontend/css/owl.video.play.png]
[antimnivas.com/frontend/css/owl.carousel.min.css]
[antimnivas.com/frontend/css/owl.theme.default.min.css]
[antimnivas.com/pages/checkout.html]
[antimnivas.com/profiles/viewprofile.html]
[antimnivas.com/app/webroot/fblogin/index.html]
[antimnivas.com/app/webroot/googlelogin/index.html]
[antimnivas.com/confirmation-link.html]
[antimnivas.com/frontend/images/user-edit.png]
[antimnivas.com/frontend/images/pic-upload.png]
[antimnivas.com/frontend/images/paytm-white.jpg]
[antimnivas.com/frontend/images/pay-icon-1.jpg]
[antimnivas.com/pages/razorpay9622]
[antimnivas.com/publish-obituary3ea2.html]
[antimnivas.com/frontend/images/pay-icon-2.jpg]
[antimnivas.com/frontend/images/pay-icon-3.jpg]
[antimnivas.com/frontend/images/pay-icon-4.jpg]
[antimnivas.com/frontend/images/pay-icon-5.jpg]
[antimnivas.com/frontend/images/paytm-icon.jpg]
[antimnivas.com/frontend/images/roz-pay.jpg]
[antimnivas.com/frontend/images/new-frame-black.png]
[antimnivas.com/post-obituary.html]
[antimnivas.com/frontend/images/features-icon1.png]
[antimnivas.com/frontend/images/features-icon9.png]
[antimnivas.com/frontend/images/features-icon3.png]
[antimnivas.com/frontend/images/features-icon4.png]
[antimnivas.com/frontend/images/features-icon10.png]
[antimnivas.com/frontend/images/features-icon11.png]
[antimnivas.com/frontend/images/features-icon12.png]
[antimnivas.com/features.html]
[antimnivas.com/pages/gallery/page_2/sort_Profile.id/direction_desc.html]
[antimnivas.com/explore-obituaries.html]
[antimnivas.com/pages/gallery/page_3/sort_Profile.id/direction_desc.html]
[antimnivas.com/pricing.html]
[antimnivas.com/blog/2/à-à-¾à-à-à-à-à-à-œà-à-à-à-à-à-Œà-à-¹à-ˆà-à-à-¾à-à-à-à-à-à-à-¾à-à-¾-à-à-ˆà-à-à-¹à-à-à-à-µà-à-à-à-µà-à-µà-¾à-¹-à-à-à-à-¹à-à-à-¾.html]
[antimnivas.com/blog.html]
[antimnivas.com/blog/6/à-à-à-à-à-à-à-à-µà-à-¾à-à-à-à-21-à-à-à-µà-à-à-à-à-à-¹à-¾à-à-ƒà-à-à-à-à-à-œà.html]
[antimnivas.com/contact-us.html]
[code.jquery.com/jquery-1.10.2.js]
[antimnivas.com/frontend/js/html2canvas.js]
[code.jquery.com/ui/1.11.4/jquery-ui.js]
[static.addtoany.com/menu/page.js]
[antimnivas.com/frontend/images/apploader.gif]
[antimnivas.com/img/user.png]
[lh5.googleusercontent.com/-UBW7J-L_GJQ/AAAAAAAAAAI/AAAAAAAAAAA/ACHi3rdQVWaxNf1tZBO5Gf6Fd4HePwXK1w/photo.png]
[antimnivas.com/frontend/images/fb.png]
[antimnivas.com/obituary/A.-P.-J.html]
[antimnivas.com/obituary/Indira-Gandhi-7.html]
[antimnivas.com/img/album/Irrfan_Khan_2012[1]15881783741588178374.jpg]
[antimnivas.com/img/album/IrrfanKhan[1]15881783951588178395.jpg]
[antimnivas.com/img/album/Irrfan_Khan_Profile[1]15881784171588178417.jpg]
[antimnivas.com/img/album/32368385635_25c62ce812_b[2]15881784441588178444.jpg]
[antimnivas.com/img/album/5778015434_611136708b_b[2]15881784701588178470.jpg]
[antimnivas.com/obituary/Irrfan-Khan-201.html]
[antimnivas.com/img/album/115882530551588253055.jpg]
[antimnivas.com/img/album/315882530551588253055.jpg]
[antimnivas.com/img/album/415882530551588253055.jpg]
[antimnivas.com/img/album/615882530551588253055.jpg]
[antimnivas.com/img/album/715882530551588253055.jpg]
[lh4.googleusercontent.com/-tMGBCwpVikA/AAAAAAAAAAI/AAAAAAAAAAA/AAKWJJMJcOTndqAW6HxCMTtAtoN4ZgaVgw/photo.png]
[lh5.googleusercontent.com/-gSKS8rSkwTA/AAAAAAAAAAI/AAAAAAAAAAA/AAKWJJPU66vcXV_CwdtkvphP0UhfnG4dWA/photo.png]
[antimnivas.com/obituary/Rishi-Kapoor---202.html]
[antimnivas.com/obituary/Vashishtha-Narayan-Singh-83.html]
[antimnivas.com/img/album/murti-1129937_960_72015905576341590557634.jpg]
[antimnivas.com/img/album/RgMgbaR15905577101590557710.jpg]
[antimnivas.com/obituary/Sukhpal-Arya-301.html]
[antimnivas.com/obituary/Shambhu--Maharaj-162.html]
[antimnivas.com/obituary/Satyen--Kappu-137.html]
[antimnivas.com/obituary/Jaspal---Bhatti-113.html]
[antimnivas.com/obituary/Yash--Chopra-127.html]
[antimnivas.com/obituary/Kishore-Kumar-12.html]
[antimnivas.com/obituary/Nitin--Bali-108.html]
[antimnivas.com/obituary/Jayaprakash-Narayan-11.html]
[antimnivas.com/obituary/Vinod-Mehra---133.html]
[antimnivas.com/obituary/Kalpana---Lajmi-110.html]
[antimnivas.com/img/self/MV5BNWYwM2QwZWMtYzRiYi00MTU4LTk2NDMtMGZhYzlmYjAzOTE1XkEyXkFqcGdeQXVyMTExNDQ2MTI@1575718535.html]
[antimnivas.com/obituary/Viju--Khote-85.html]
[antimnivas.com/obituary/Tom--Alter-89.html]
[antimnivas.com/obituary/Venu--Madhav-95.html]
[antimnivas.com/img/album/images (2)15763435821576343582.jpg]
[antimnivas.com/img/album/images (1)15763435821576343582.jpg]
[antimnivas.com/obituary/Uday-p--Shankar-151.html]
[antimnivas.com/obituary/Mother-Teresa-3.html]
[antimnivas.com/obituary/Avtar-Kishan-Hangal-134.html]
[antimnivas.com/img/album/images (13)15768222001576822200.jpg]
[antimnivas.com/img/album/images (12)15768222001576822200.jpg]
[antimnivas.com/img/album/images (11)15768222001576822200.jpg]
[antimnivas.com/img/album/images (10)15768222001576822200.jpg]
[antimnivas.com/obituary/U.-R.html]
[antimnivas.com/obituary/Sujata--Kumar-98.html]
[antimnivas.com/obituary/Sitaram---Panchal-122.html]
[antimnivas.com/obituary/Mohammed--Rafi-143.html]
[antimnivas.com/obituary/Vempati-Chinna-Satyam-163.html]
[antimnivas.com/obituary/Inder--Kumar-112.html]
[antimnivas.com/obituary/Amjad---Khan-117.html]
[antimnivas.com/img/album/images (4)15767782361576778236.jpg]
[antimnivas.com/img/album/images (3)15767782361576778236.jpg]
[antimnivas.com/img/album/images (2)15767782361576778236.jpg]
[antimnivas.com/img/album/images15767782361576778236.jpg]
[antimnivas.com/obituary/Phoolan-Devi--183.html]
[antimnivas.com/img/album/images (17)15768224971576822497.jpg]
[antimnivas.com/img/album/images (16)15768224971576822497.jpg]
[antimnivas.com/img/album/images (14)15768224971576822497.jpg]
[antimnivas.com/obituary/Shivajirao-Patil---170.html]
[antimnivas.com/obituary/Jatin---Kanakia-115.html]
[antimnivas.com/obituary/Rajesh--Khanna-126.html]
[antimnivas.com/obituary/Rita--Bhaduri---88.html]
[antimnivas.com/obituary/Kavi---Kumar-Azad-120.html]
[antimnivas.com/obituary/Shrivallabh---Vyas-100.html]
[antimnivas.com/obituary/Girish--Karnad-86.html]
[antimnivas.com/img/album/images (21)15768227651576822765.jpg]
[antimnivas.com/obituary/Jiah--Khan-166.html]
[antimnivas.com/obituary/Raj---Kapoor-109.html]
[antimnivas.com/img/self/MV5BNjYwODQzMjk3Ml5BMl5BanBnXkFtZTYwNzIxMjky1575713210.html]
[antimnivas.com/obituary/Razak--Khan-128.html]
[antimnivas.com/obituary/Jawaharlal-Nehru-5.html]
[antimnivas.com/obituary/Sunil-Dutt-15.html]
[antimnivas.com/obituary/Rajiv-Gandhi-9.html]
[antimnivas.com/obituary/Reema--Lagoo-90.html]
[antimnivas.com/obituary/Mac--Mohan-135.html]
[antimnivas.com/obituary/Arjun---Hingorani-102.html]
[antimnivas.com/obituary/Vinod-Khanna-13.html]
[antimnivas.com/obituary/Morarji-Desai-8.html]
[antimnivas.com/obituary/Kelucharan--Mohapatra-161.html]
[lh5.googleusercontent.com/-gSKS8rSkwTA/AAAAAAAAAAI/AAAAAAAAAAA/AMZuucm9XRVxEC4dSkYdV071XpSOT2USsQ/photo.png]
[antimnivas.com/obituary/Divya--Bharti-165.html]
[antimnivas.com/obituary/Navin--Nischol-129.html]
[antimnivas.com/obituary/Narendra----Jha-99.html]
[antimnivas.com/obituary/Shafi---Inamdar-116.html]
[antimnivas.com/obituary/Shammi-101.html]
[antimnivas.com/obituary/Keshto--Mukherjee-136.html]
[antimnivas.com/obituary/Rajendra-Prasad-10.html]
[antimnivas.com/obituary/Sridevi-----84.html]
[antimnivas.com/obituary/Rukmini-Devi-Arundale-157.html]
[antimnivas.com/obituary/Nirmal---Pandey-114.html]
[antimnivas.com/obituary/Dilip---Dhawan-118.html]
[antimnivas.com/img/self/MV5BMGE1YjkwYzEtMmQ3Ni00Zjc2LTlmYWUtYTVkMzBiYzk2NWRlXkEyXkFqcGdeQXVyMTExNDQ2MTI@1575723810.html]
[antimnivas.com/obituary/Balasaraswati---156.html]
[antimnivas.com/obituary/Indrani--Rahman-149.html]
[antimnivas.com/obituary/Mrinalini--Sarabhai-155.html]
[antimnivas.com/obituary/Parveen--Babi-91.html]
[antimnivas.com/obituary/Leela--Mishra---141.html]
[antimnivas.com/obituary/Ava---Mukherjee-103.html]
[antimnivas.com/obituary/Rajesh--Vivek-130.html]
[antimnivas.com/obituary/Amrish--Puri----97.html]
[antimnivas.com/obituary/Lal-Bahadur-Shastri-4.html]
[antimnivas.com/obituary/Vivek-Shauq---119.html]
[antimnivas.com/obituary/Om---Puri-121.html]
[antimnivas.com/img/album/chandel_1578682442_618x347[1]15787535701578753570.jpg]
[antimnivas.com/obituary/Gaurav-Chandel-185.html]
[antimnivas.com/obituary/Chitresh--Das-158.html]
[antimnivas.com/obituary/Kader--Khan-93.html]
[antimnivas.com/obituary/Kushal-Punjabi-192.html]
[antimnivas.com/obituary/Kushal-Punjabi-184.html]
[antimnivas.com/obituary/à¤¬à¤¸à¤‚à¤¤à¥€-à¤¦à¥‡à¤µà¥€---142.html]
[antimnivas.com/obituary/Ram-Lagoo-305.html]
[antimnivas.com/img/album/images (8)15767784691576778469.jpg]
[antimnivas.com/img/album/images (7)15767784691576778469.jpg]
[antimnivas.com/img/album/images (6)15767784691576778469.jpg]
[antimnivas.com/img/album/images (5)15767784691576778469.jpg]
[antimnivas.com/obituary/à¤¶à¥à¤°à¥€à¤°à¤¾à¤®-à¤²à¤¾à¤—à¥‚---182.html]
[antimnivas.com/obituary/Shreeram-Lagoo-193.html]
[antimnivas.com/obituary/Laxmikant---Berde-111.html]
[antimnivas.com/obituary/Geetanjali---Khanna---104.html]
[antimnivas.com/obituary/à¤°à¤¾à¤®à¥‡à¤¶à¥à¤µà¤°-à¤¦à¤¯à¤¾à¤²-à¤¶à¤°à¥à¤®à¤¾-175.html]
[antimnivas.com/obituary/Tulsi---Ramsay-105.html]
[antimnivas.com/img/self/MV5BNTlkYTRhYzYtNmRkMC00ZDc1LTg5OGQtZGYyMDhjOWNhZWNiXkEyXkFqcGdeQXVyNDUzOTQ5MjY@1575706450.html]
[antimnivas.com/obituary/à¤¦à¤¿à¤¨à¥‡à¤¶--à¤šà¤¾à¤µà¤²à¤¾-168.html]
[antimnivas.com/img/album/images (19)15768226181576822618.jpg]
[antimnivas.com/img/album/images (20)15768226181576822618.jpg]
[antimnivas.com/obituary/Smita--Patil-169.html]
[antimnivas.com/obituary/à¤ªà¥à¤°à¤•à¤¾à¤¶--à¤¦à¥‡à¤µà¥€---146.html]
[antimnivas.com/obituary/à¤¬à¤¿à¤¦à¤¾à¤®à¥€--à¤¦à¥‡à¤µà¥€---147.html]
[antimnivas.com/obituary/B.-R.html]
[antimnivas.com/obituary/Shashi---Kapoor-123.html]
[antimnivas.com/obituary/Dev--Anand-92.html]
[antimnivas.com/obituary/Deven--Verma-131.html]
[antimnivas.com/obituary/Mohammed---Aziz-106.html]
[antimnivas.com/obituary/Ambareesh-107.html]
[antimnivas.com/img/self/MV5BYzg1MWQ4NWYtMTA1Mi00ZjM3LTgxZDgtYjM4NDBlOTIwYmY3XkEyXkFqcGdeQXVyNzY3MTExNTA@1575712558.html]
[antimnivas.com/obituary/Arun-Jaitley-304.html]
[antimnivas.com/obituary/Abc-Xyz-123---303.html]
[antimnivas.com/obituary/Asdf-Sdf-334.html]
[antimnivas.com/obituary/Balwant-Rai-Pruthi-306.html]
[antimnivas.com/obituary/Sushant-Singh-Rajput---312.html]
[antimnivas.com/obituary/Dinyar---Contractor-96.html]
[antimnivas.com/obituary/Krishan-Kumar-Shrivasrtava-335.html]
[antimnivas.com/obituary/Ritik-Rithalia---333.html]
[antimnivas.com/frontend/fonts/fa-brands-400.svg]
[antimnivas.com/frontend/fonts/fa-regular-400.svg]
[antimnivas.com/frontend/fonts/fa-solid-900.svg]
[antimnivas.com/frontend/fonts/glyphicons-halflings-regular.html]
[antimnivas.com/frontend/fonts/glyphicons-halflings-regulard41d.html]
[antimnivas.com/frontend/fonts/glyphicons-halflings-regular-2.html]
[antimnivas.com/frontend/fonts/glyphicons-halflings-regular-3.html]
[antimnivas.com/frontend/fonts/glyphicons-halflings-regular-4.html]
[antimnivas.com/frontend/fonts/glyphicons-halflings-regular-5.html]
[antimnivas.com/frontend/css/owl.video.play.html]
[antimnivas.com/images/flower.png]
[antimnivas.com/publish-obituary3ea2.html]
[antimnivas.com/pages/gallery/page_2/sort_Profile.id/direction_desc.html]
[antimnivas.com/pages/gallery/sort_Profile.id/direction_desc.html]
[antimnivas.com/obituary/Lachhu--Maharaj-164.html]
[antimnivas.com/img/self/images (4)1576386009.jpg]
[antimnivas.com/pages/gallery/page_3/sort_Profile.id/direction_desc.html]
[antimnivas.com/pages/gallery/page_4/sort_Profile.id/direction_desc.html]
[media.webdunia.com/_media/ta/img/article/2018-05/22/full/1526974030-9971.jpg]
[s7.addthis.com/js/300/addthis_widget.js]
[antimnivas.com/blog/2/à-à-¾à-à-à-à-à-à-œà-à-à-à-à-à-Œà-à-¹à-ˆà-à-à-¾à-à-à-à-à-à-à-¾à-à-¾-à-à-ˆà-à-à-¹à-à-à-à-µà-à-à-à-µà-à-µà-¾à-¹-à-à-à-à-¹à-à-à-¾.html]
[antimnivas.com/blog/6/à-à-à-à-à-à-à-à-µà-à-¾à-à-à-à-21-à-à-à-µà-à-à-à-à-à-¹à-¾à-à-ƒà-à-à-à-à-à-œà.html]
[antimnivas.com/img/self/index.html]
[antimnivas.com/images/flower.html]
[code.jquery.com/jquery-3.4.1.js]
[antimnivas.com/obituary/Asdf-Sdf-334.html]
[antimnivas.com/pages/gallery/sort_Profile.id/direction_desc/page_2.html]
[antimnivas.com/pages/gallery/sort_Profile.id/direction_desc.html]
[antimnivas.com/pages/gallery/sort_Profile.id/direction_desc/page_3.html]
[antimnivas.com/obituary/Lachhu--Maharaj-164.html]
[antimnivas.com/pages/gallery/page_4/sort_Profile.id/direction_desc.html]
[antimnivas.com/obituary/Asdf-Sdf-334.html]
[antimnivas.com/pages/gallery/sort_Profile.id/direction_desc/page_2.html]
[antimnivas.com/pages/gallery/sort_Profile.id/direction_desc/page_3.html]
[antimnivas.com/pages/gallery/page_5/sort_Profile.id/direction_desc.html]
[antimnivas.com/pages/gallery/page_5/sort_Profile.id/direction_desc.html]
[antimnivas.com/pages/gallery/page_6/sort_Profile.id/direction_desc.html]
[antimnivas.com/pages/gallery/page_6/sort_Profile.id/direction_desc.html]
[antimnivas.com/pages/gallery/page_7/sort_Profile.id/direction_desc.html]
[antimnivas.com/pages/gallery/page_7/sort_Profile.id/direction_desc.html]
[antimnivas.com/pages/gallery/page_8/sort_Profile.id/direction_desc.html]
[antimnivas.com/pages/gallery/page_8/sort_Profile.id/direction_desc.html]
[antimnivas.com/pages/gallery/page_9/sort_Profile.id/direction_desc.html]
[antimnivas.com/pages/gallery/page_9/sort_Profile.id/direction_desc.html]
[antimnivas.com/pages/gallery/page_10/sort_Profile.id/direction_desc.html]
[antimnivas.com/pages/gallery/page_10/sort_Profile.id/direction_desc.html]
[antimnivas.com/pages/gallery/page_11/sort_Profile.id/direction_desc.html]
[antimnivas.com/pages/gallery/page_11/sort_Profile.id/direction_desc.html]
[antimnivas.com/pages/gallery/page_12/sort_Profile.id/direction_desc.html]
[antimnivas.com/pages/gallery/page_12/sort_Profile.id/direction_desc.html]
